// Jest Snapshot v1, https://goo.gl/fbAQLP

exports[`GoogleTagManager({...options})(events) When default dataLayer is not defined logs an error informing the developer that no events are being tracked 1`] = `
"
WARN 
    [@redux-beacon/google-tag-manager] Events are not being tracked, window.dataLayer
    is not a function. Please include the Google Tag Manager snippet:
    https://developers.google.com/tag-manager/quickstart
    "
`;

exports[`GoogleTagManager({...options})(events) When iAmADataLayer custom named dataLayer is not defined should log a warning to console informing the user. 1`] = `""`;
